interactions:
- request:
    body: '{"jsonrpc": "2.0", "method": "web3_clientVersion", "params": [], "id":
      0}'
    headers:
      Accept:
      - '*/*'
      Accept-Encoding:
      - gzip, deflate
      Connection:
      - keep-alive
      Content-Length:
      - '73'
      Content-Type:
      - application/json
      User-Agent:
      - web3.py/7.10.0/web3.providers.rpc.rpc.HTTPProvider
    method: POST
    uri: https://mainnet.infura.io/v3/a6b269b6e5ad44ed943e9fff244dfe25
  response:
    body:
      string: '{"jsonrpc":"2.0","id":0,"result":"Geth/v1.15.11-stable-36b2371c/linux-arm64/go1.24.2"}

        '
    headers:
      Access-Control-Allow-Origin:
      - '*'
      Connection:
      - keep-alive
      Content-Length:
      - '87'
      Content-Type:
      - application/json
      Date:
      - Wed, 21 May 2025 21:59:58 GMT
      Vary:
      - Accept-Encoding
      - Origin
      X-Send-To-Many:
      - '0'
    status:
      code: 200
      message: OK
- request:
    body: '{"jsonrpc": "2.0", "method": "net_version", "params": [], "id": 1}'
    headers:
      Accept:
      - '*/*'
      Accept-Encoding:
      - gzip, deflate
      Connection:
      - keep-alive
      Content-Length:
      - '66'
      Content-Type:
      - application/json
      User-Agent:
      - web3.py/7.10.0/web3.providers.rpc.rpc.HTTPProvider
    method: POST
    uri: https://mainnet.infura.io/v3/a6b269b6e5ad44ed943e9fff244dfe25
  response:
    body:
      string: '{"jsonrpc":"2.0","id":1,"result":"1"}'
    headers:
      Access-Control-Allow-Origin:
      - '*'
      Connection:
      - keep-alive
      Content-Length:
      - '37'
      Content-Type:
      - application/json
      Date:
      - Wed, 21 May 2025 21:59:58 GMT
      Vary:
      - Accept-Encoding
    status:
      code: 200
      message: OK
- request:
    body: '{"jsonrpc": "2.0", "method": "eth_blockNumber", "params": [], "id": 2}'
    headers:
      Accept:
      - '*/*'
      Accept-Encoding:
      - gzip, deflate
      Connection:
      - keep-alive
      Content-Length:
      - '70'
      Content-Type:
      - application/json
      User-Agent:
      - web3.py/7.10.0/web3.providers.rpc.rpc.HTTPProvider
    method: POST
    uri: https://mainnet.infura.io/v3/a6b269b6e5ad44ed943e9fff244dfe25
  response:
    body:
      string: '{"jsonrpc":"2.0","id":2,"result":"0x157d7d3"}'
    headers:
      Access-Control-Allow-Headers:
      - '*'
      Access-Control-Allow-Methods:
      - GET, POST, PUT, DELETE, OPTIONS
      Access-Control-Allow-Origin:
      - '*'
      Connection:
      - keep-alive
      Content-Length:
      - '45'
      Content-Type:
      - application/json
      Date:
      - Wed, 21 May 2025 21:59:58 GMT
      Request-Id:
      - 05fe8ac5-aff4-4493-b17b-94871341ddbf
      Vary:
      - Accept-Encoding
      X-Trace-Id:
      - 94de837e393a7d5649006f6959dd85aa
    status:
      code: 200
      message: OK
- request:
    body: '{"jsonrpc": "2.0", "method": "eth_getBalance", "params": ["0x50532e4Be195D1dE0c2E6DfA46D9ec0a4Fee6861",
      "0x15402"], "id": 3}'
    headers:
      Accept:
      - '*/*'
      Accept-Encoding:
      - gzip, deflate
      Connection:
      - keep-alive
      Content-Length:
      - '124'
      Content-Type:
      - application/json
      User-Agent:
      - web3.py/7.10.0/web3.providers.rpc.rpc.HTTPProvider
    method: POST
    uri: https://mainnet.infura.io/v3/a6b269b6e5ad44ed943e9fff244dfe25
  response:
    body:
      string: '{"jsonrpc":"2.0","id":3,"result":"0x46dd54b7972bf800"}'
    headers:
      Access-Control-Allow-Origin:
      - '*'
      Connection:
      - keep-alive
      Content-Length:
      - '54'
      Content-Type:
      - application/json; charset=utf-8
      Date:
      - Wed, 21 May 2025 21:59:58 GMT
      Vary:
      - Accept-Encoding
      - accept-encoding
      - origin, access-control-request-method, access-control-request-headers
      X-Send-To-Many:
      - '0'
    status:
      code: 200
      message: OK
- request:
    body: '{"jsonrpc": "2.0", "method": "eth_getTransactionByHash", "params": ["0x5c504ed432cb51138bcf09aa5e8a410dd4a1e204ef84bfed1be16dfba1b22060"],
      "id": 4}'
    headers:
      Accept:
      - '*/*'
      Accept-Encoding:
      - gzip, deflate
      Connection:
      - keep-alive
      Content-Length:
      - '147'
      Content-Type:
      - application/json
      User-Agent:
      - web3.py/7.10.0/web3.providers.rpc.rpc.HTTPProvider
    method: POST
    uri: https://mainnet.infura.io/v3/a6b269b6e5ad44ed943e9fff244dfe25
  response:
    body:
      string: '{"jsonrpc":"2.0","id":4,"result":{"blockHash":"0x4e3a3754410177e6937ef1f84bba68ea139e8d1a2258c5f85db9f1cd715a1bdd","blockNumber":"0xb443","from":"0xa1e4380a3b1f749673e270229993ee55f35663b4","gas":"0x5208","gasPrice":"0x2d79883d2000","hash":"0x5c504ed432cb51138bcf09aa5e8a410dd4a1e204ef84bfed1be16dfba1b22060","input":"0x","nonce":"0x0","to":"0x5df9b87991262f6ba471f09758cde1c0fc1de734","transactionIndex":"0x0","value":"0x7a69","type":"0x0","v":"0x1c","r":"0x88ff6cf0fefd94db46111149ae4bfc179e9b94721fffd821d38d16464b3f71d0","s":"0x45e0aff800961cfce805daef7016b9b675c137a6a41a548f7b60a3484c06a33a"}}

        '
    headers:
      Access-Control-Allow-Headers:
      - '*'
      Access-Control-Allow-Methods:
      - GET, POST, PUT, DELETE, OPTIONS
      Access-Control-Allow-Origin:
      - '*'
      Connection:
      - keep-alive
      Content-Length:
      - '600'
      Content-Type:
      - application/json
      Date:
      - Wed, 21 May 2025 21:59:58 GMT
      Request-Id:
      - 1d854883-26a7-4be0-ae86-93d0f077780a
      Vary:
      - Accept-Encoding
      - Origin
      Via:
      - JSON-RPC/2.0 mainnet-geth-pruned-state-blb.ethereum-network-1-prod-us-east-1.eks.infura.org
      X-Send-To-Many:
      - '0'
      X-Trace-Id:
      - da2ffaf2d8d9f701031af97dd97e07bc
    status:
      code: 200
      message: OK
- request:
    body: null
    headers:
      Accept:
      - '*/*'
      Accept-Encoding:
      - gzip, deflate
      Connection:
      - keep-alive
      User-Agent:
      - rotki/1.38.3.dev204+gcd9b2b93f
    method: GET
    uri: https://api.etherscan.io/v2/api?action=eth_call&chainid=1&data=0x95d89b41&module=proxy&to=0x5dbcF33D8c2E976c6b560249878e6F1491Bca25c
  response:
    body:
      string: '{"jsonrpc":"2.0","id":1,"result":"0x0000000000000000000000000000000000000000000000000000000000000020000000000000000000000000000000000000000000000000000000000000001779794441492b79555344432b79555344542b7954555344000000000000000000"}

        '
    headers:
      Access-Control-Allow-Headers:
      - Content-Type
      Access-Control-Allow-Methods:
      - GET, POST, OPTIONS
      Access-Control-Allow-Origin:
      - '*'
      Cache-Control:
      - private
      Connection:
      - keep-alive
      Content-Type:
      - application/json; charset=utf-8
      Date:
      - Wed, 21 May 2025 22:00:00 GMT
      Server:
      - nginx
      Vary:
      - Accept-Encoding
      X-Frame-Options:
      - SAMEORIGIN
      X-Nginx-Id:
      - '2'
      content-length:
      - '231'
      svid:
      - '4'
    status:
      code: 200
      message: OK
- request:
    body: '{"jsonrpc": "2.0", "method": "web3_clientVersion", "params": [], "id":
      0}'
    headers:
      Accept:
      - '*/*'
      Accept-Encoding:
      - gzip, deflate
      Connection:
      - keep-alive
      Content-Length:
      - '73'
      Content-Type:
      - application/json
      User-Agent:
      - web3.py/7.10.0/web3.providers.rpc.rpc.HTTPProvider
    method: POST
    uri: https://mainnet.infura.io/v3/a6b269b6e5ad44ed943e9fff244dfe25
  response:
    body:
      string: '{"jsonrpc":"2.0","id":0,"result":"Geth/v1.15.11-stable-36b2371c/linux-arm64/go1.24.2"}

        '
    headers:
      Access-Control-Allow-Origin:
      - '*'
      Connection:
      - keep-alive
      Content-Length:
      - '87'
      Content-Type:
      - application/json
      Date:
      - Wed, 21 May 2025 22:00:01 GMT
      Vary:
      - Accept-Encoding
      - Origin
      X-Send-To-Many:
      - '0'
    status:
      code: 200
      message: OK
- request:
    body: '{"jsonrpc": "2.0", "method": "net_version", "params": [], "id": 1}'
    headers:
      Accept:
      - '*/*'
      Accept-Encoding:
      - gzip, deflate
      Connection:
      - keep-alive
      Content-Length:
      - '66'
      Content-Type:
      - application/json
      User-Agent:
      - web3.py/7.10.0/web3.providers.rpc.rpc.HTTPProvider
    method: POST
    uri: https://mainnet.infura.io/v3/a6b269b6e5ad44ed943e9fff244dfe25
  response:
    body:
      string: '{"jsonrpc":"2.0","id":1,"result":"1"}'
    headers:
      Access-Control-Allow-Origin:
      - '*'
      Connection:
      - keep-alive
      Content-Length:
      - '37'
      Content-Type:
      - application/json
      Date:
      - Wed, 21 May 2025 22:00:01 GMT
      Vary:
      - Accept-Encoding
    status:
      code: 200
      message: OK
- request:
    body: '{"jsonrpc": "2.0", "method": "eth_blockNumber", "params": [], "id": 2}'
    headers:
      Accept:
      - '*/*'
      Accept-Encoding:
      - gzip, deflate
      Connection:
      - keep-alive
      Content-Length:
      - '70'
      Content-Type:
      - application/json
      User-Agent:
      - web3.py/7.10.0/web3.providers.rpc.rpc.HTTPProvider
    method: POST
    uri: https://mainnet.infura.io/v3/a6b269b6e5ad44ed943e9fff244dfe25
  response:
    body:
      string: '{"jsonrpc":"2.0","id":2,"result":"0x157d7d3"}'
    headers:
      Access-Control-Allow-Headers:
      - '*'
      Access-Control-Allow-Methods:
      - GET, POST, PUT, DELETE, OPTIONS
      Access-Control-Allow-Origin:
      - '*'
      Connection:
      - keep-alive
      Content-Length:
      - '45'
      Content-Type:
      - application/json
      Date:
      - Wed, 21 May 2025 22:00:01 GMT
      Request-Id:
      - 8de4392e-84a9-42b2-837a-d43032f21a61
      Vary:
      - Accept-Encoding
      X-Trace-Id:
      - b9e19dd4465f0e63ee5c216684608a66
    status:
      code: 200
      message: OK
- request:
    body: '{"jsonrpc": "2.0", "method": "eth_getBalance", "params": ["0x50532e4Be195D1dE0c2E6DfA46D9ec0a4Fee6861",
      "0x15402"], "id": 3}'
    headers:
      Accept:
      - '*/*'
      Accept-Encoding:
      - gzip, deflate
      Connection:
      - keep-alive
      Content-Length:
      - '124'
      Content-Type:
      - application/json
      User-Agent:
      - web3.py/7.10.0/web3.providers.rpc.rpc.HTTPProvider
    method: POST
    uri: https://mainnet.infura.io/v3/a6b269b6e5ad44ed943e9fff244dfe25
  response:
    body:
      string: '{"jsonrpc":"2.0","id":3,"result":"0x46dd54b7972bf800"}'
    headers:
      Access-Control-Allow-Origin:
      - '*'
      Connection:
      - keep-alive
      Content-Length:
      - '54'
      Content-Type:
      - application/json; charset=utf-8
      Date:
      - Wed, 21 May 2025 22:00:01 GMT
      Vary:
      - Accept-Encoding
      - accept-encoding
      - origin, access-control-request-method, access-control-request-headers
      X-Send-To-Many:
      - '0'
    status:
      code: 200
      message: OK
- request:
    body: '{"jsonrpc": "2.0", "method": "eth_getTransactionByHash", "params": ["0x5c504ed432cb51138bcf09aa5e8a410dd4a1e204ef84bfed1be16dfba1b22060"],
      "id": 4}'
    headers:
      Accept:
      - '*/*'
      Accept-Encoding:
      - gzip, deflate
      Connection:
      - keep-alive
      Content-Length:
      - '147'
      Content-Type:
      - application/json
      User-Agent:
      - web3.py/7.10.0/web3.providers.rpc.rpc.HTTPProvider
    method: POST
    uri: https://mainnet.infura.io/v3/a6b269b6e5ad44ed943e9fff244dfe25
  response:
    body:
      string: '{"jsonrpc":"2.0","id":4,"result":{"blockHash":"0x4e3a3754410177e6937ef1f84bba68ea139e8d1a2258c5f85db9f1cd715a1bdd","blockNumber":"0xb443","from":"0xa1e4380a3b1f749673e270229993ee55f35663b4","gas":"0x5208","gasPrice":"0x2d79883d2000","hash":"0x5c504ed432cb51138bcf09aa5e8a410dd4a1e204ef84bfed1be16dfba1b22060","input":"0x","nonce":"0x0","to":"0x5df9b87991262f6ba471f09758cde1c0fc1de734","transactionIndex":"0x0","value":"0x7a69","type":"0x0","v":"0x1c","r":"0x88ff6cf0fefd94db46111149ae4bfc179e9b94721fffd821d38d16464b3f71d0","s":"0x45e0aff800961cfce805daef7016b9b675c137a6a41a548f7b60a3484c06a33a"}}

        '
    headers:
      Access-Control-Allow-Headers:
      - '*'
      Access-Control-Allow-Methods:
      - GET, POST, PUT, DELETE, OPTIONS
      Access-Control-Allow-Origin:
      - '*'
      Connection:
      - keep-alive
      Content-Length:
      - '600'
      Content-Type:
      - application/json
      Date:
      - Wed, 21 May 2025 22:00:01 GMT
      Request-Id:
      - dd18c771-4e78-4667-bf59-5b44b94ee2aa
      Vary:
      - Accept-Encoding
      - Origin
      Via:
      - JSON-RPC/2.0 mainnet-geth-pruned-state-blb.ethereum-network-1-prod-us-east-1.eks.infura.org
      X-Send-To-Many:
      - '0'
      X-Trace-Id:
      - 993bac0f1e362727ea3d1f48df5be232
    status:
      code: 200
      message: OK
- request:
    body: null
    headers:
      Accept:
      - '*/*'
      Accept-Encoding:
      - gzip, deflate
      Connection:
      - keep-alive
      User-Agent:
      - rotki/1.38.3.dev204+gcd9b2b93f
    method: GET
    uri: https://api.etherscan.io/v2/api?action=eth_call&chainid=1&data=0x95d89b41&module=proxy&to=0x5dbcF33D8c2E976c6b560249878e6F1491Bca25c
  response:
    body:
      string: '{"jsonrpc":"2.0","id":1,"result":"0x0000000000000000000000000000000000000000000000000000000000000020000000000000000000000000000000000000000000000000000000000000001779794441492b79555344432b79555344542b7954555344000000000000000000"}

        '
    headers:
      Access-Control-Allow-Headers:
      - Content-Type
      Access-Control-Allow-Methods:
      - GET, POST, OPTIONS
      Access-Control-Allow-Origin:
      - '*'
      Cache-Control:
      - private
      Connection:
      - keep-alive
      Content-Type:
      - application/json; charset=utf-8
      Date:
      - Wed, 21 May 2025 22:00:03 GMT
      Server:
      - nginx
      Vary:
      - Accept-Encoding
      X-Frame-Options:
      - SAMEORIGIN
      X-Nginx-Id:
      - '3'
      content-length:
      - '231'
      svid:
      - '57'
    status:
      code: 200
      message: OK
version: 1
