interactions:
- request:
    body: null
    headers:
      Accept:
      - '*/*'
      Accept-Encoding:
      - gzip, deflate
      Connection:
      - keep-alive
      User-Agent:
      - rotki/1.32.3.dev379+gbf9e75193
    method: GET
    uri: https://api.etherscan.io/v2/api?action=eth_call&chainid=42161&data=0x72f702f3&module=proxy&to=0x6773fF780Dd38175247795545Ee37adD6ab6139a
  response:
    body:
      string: '{"jsonrpc":"2.0","id":1,"result":"0x00000000000000000000000004419d3509f13054f60d253e0c79491d9e683399"}

        '
    headers:
      Access-Control-Allow-Headers:
      - Content-Type
      Access-Control-Allow-Methods:
      - GET, POST, OPTIONS
      Access-Control-Allow-Origin:
      - '*'
      CF-Cache-Status:
      - DYNAMIC
      CF-RAY:
      - 892327ceae353c3e-BOM
      Cache-Control:
      - private
      Connection:
      - keep-alive
      Content-Type:
      - application/json; charset=utf-8
      Date:
      - Tue, 11 Jun 2024 17:00:07 GMT
      NEL:
      - '{"success_fraction":0,"report_to":"cf-nel","max_age":604800}'
      Report-To:
      - '{"endpoints":[{"url":"https:\/\/a.nel.cloudflare.com\/report\/v4?s=bF9BVQBLAev1d0NuY12iDPSgoF8C1%2FX7HM5%2FOfTs7ZR9fjkl2agmL%2BqzQDo74%2Fzb9DUYZ1z6%2BWBob6%2Ff4FTTzL3QKZzKRzWAlgcz2CAb1aee7h2duRJVq%2Bvim0Ikgs%2BBxQ%3D%3D"}],"group":"cf-nel","max_age":604800}'
      Server:
      - cloudflare
      Vary:
      - Accept-Encoding
      X-Frame-Options:
      - SAMEORIGIN
      alt-svc:
      - h3=":443"; ma=86400
      content-length:
      - '103'
    status:
      code: 200
      message: OK
- request:
    body: null
    headers:
      Accept:
      - '*/*'
      Accept-Encoding:
      - gzip, deflate
      Connection:
      - keep-alive
      User-Agent:
      - rotki/1.32.3.dev379+gbf9e75193
    method: GET
    uri: https://api.etherscan.io/v2/api?action=eth_call&chainid=42161&data=0x2495a599&module=proxy&to=0x04419d3509f13054f60d253E0c79491d9E683399
  response:
    body:
      string: '{"jsonrpc":"2.0","id":1,"result":"0x00000000000000000000000082af49447d8a07e3bd95bd0d56f35241523fbab1"}

        '
    headers:
      Access-Control-Allow-Headers:
      - Content-Type
      Access-Control-Allow-Methods:
      - GET, POST, OPTIONS
      Access-Control-Allow-Origin:
      - '*'
      CF-Cache-Status:
      - DYNAMIC
      CF-RAY:
      - 892327d279fb31a5-BOM
      Cache-Control:
      - private
      Connection:
      - keep-alive
      Content-Type:
      - application/json; charset=utf-8
      Date:
      - Tue, 11 Jun 2024 17:00:07 GMT
      NEL:
      - '{"success_fraction":0,"report_to":"cf-nel","max_age":604800}'
      Report-To:
      - '{"endpoints":[{"url":"https:\/\/a.nel.cloudflare.com\/report\/v4?s=awU8eGv4qFQL0eTjEpKyK%2BFOYlJM%2B9d0sV%2BrgXDSe5zqZoEufDLCGrRE%2F86njN4j3Kz9T%2B6tWroTrJOUiXp127iLoJh%2BSjqO4YEWPOqXn%2BdVRvLtXVW0MxArmUlVNog89g%3D%3D"}],"group":"cf-nel","max_age":604800}'
      Server:
      - cloudflare
      Vary:
      - Accept-Encoding
      X-Frame-Options:
      - SAMEORIGIN
      alt-svc:
      - h3=":443"; ma=86400
      content-length:
      - '103'
    status:
      code: 200
      message: OK
- request:
    body: null
    headers:
      Accept:
      - '*/*'
      Accept-Encoding:
      - gzip, deflate
      Connection:
      - keep-alive
      User-Agent:
      - rotki/1.32.3.dev379+gbf9e75193
    method: GET
    uri: https://api.etherscan.io/v2/api?action=eth_call&chainid=42161&data=0x07a2d13a0000000000000000000000000000000000000000000000000de0b6b3a7640000&module=proxy&to=0x04419d3509f13054f60d253E0c79491d9E683399
  response:
    body:
      string: '{"weth":{"usd":3454.24}}'
    headers:
      CF-Cache-Status:
      - HIT
      CF-RAY:
      - 892327d6b9f447ea-BOM
      Cache-Control:
      - max-age=30, public, must-revalidate, s-maxage=60
      Connection:
      - keep-alive
      Content-Type:
      - application/json; charset=utf-8
      Date:
      - Tue, 11 Jun 2024 17:00:08 GMT
      Server:
      - cloudflare
      Set-Cookie:
      - __cf_bm=gAhYiQDwOf.HX2kWtMBHTwIeZRZan1.zTaDZ44WJ.48-1718125208-1.0.1.1-w3_rI.2SgburSHkUzjQ0zh8qef3AEgWqX50mUgTTWhlufe3Mqvl.JGEd6gGzzhgfnc.A0ykoDrgXgVFgx0lJHw;
        path=/; expires=Tue, 11-Jun-24 17:30:08 GMT; domain=.api.coingecko.com; HttpOnly;
        Secure; SameSite=None
      Transfer-Encoding:
      - chunked
      access-control-allow-headers:
      - Origin, X-Requested-With, Content-Type, Accept, Authorization
      access-control-allow-methods:
      - POST, PUT, DELETE, GET, OPTIONS
      access-control-allow-origin:
      - '*'
      access-control-expose-headers:
      - link, per-page, total
      access-control-request-method:
      - '*'
      alt-svc:
      - h3=":443"; ma=86400
      alternate-protocol:
      - 443:npn-spdy/2
      content-length:
      - '24'
      etag:
      - W/"fc2615fe28da406ba01a8586579f39a3"
      referrer-policy:
      - strict-origin-when-cross-origin
      strict-transport-security:
      - max-age=15724800; includeSubdomains
      vary:
      - Accept-Encoding, Origin
      x-content-type-options:
      - nosniff
      x-download-options:
      - noopen
      x-frame-options:
      - SAMEORIGIN
      x-permitted-cross-domain-policies:
      - none
      x-request-id:
      - 60973a48-186a-486c-a4b9-70c3c114b9fb
      x-runtime:
      - '0.010790'
      x-xss-protection:
      - '0'
    status:
      code: 200
      message: OK
- request:
    body: null
    headers:
      Accept:
      - '*/*'
      Accept-Encoding:
      - gzip, deflate
      Connection:
      - keep-alive
      User-Agent:
      - rotki/1.32.3.dev379+gbf9e75193
    method: GET
    uri: https://api.etherscan.io/v2/api?action=eth_call&chainid=42161&data=0x07a2d13a0000000000000000000000000000000000000000000000000de0b6b3a7640000&module=proxy&to=0x04419d3509f13054f60d253E0c79491d9E683399
  response:
    body:
      string: '{"jsonrpc":"2.0","id":1,"result":"0x0000000000000000000000000000000000000000000000000e274c58ebf3f97b"}

        '
    headers:
      Access-Control-Allow-Headers:
      - Content-Type
      Access-Control-Allow-Methods:
      - GET, POST, OPTIONS
      Access-Control-Allow-Origin:
      - '*'
      CF-Cache-Status:
      - DYNAMIC
      CF-RAY:
      - 892327d95c1df54f-BOM
      Cache-Control:
      - private
      Connection:
      - keep-alive
      Content-Type:
      - application/json; charset=utf-8
      Date:
      - Tue, 11 Jun 2024 17:00:09 GMT
      NEL:
      - '{"success_fraction":0,"report_to":"cf-nel","max_age":604800}'
      Report-To:
      - '{"endpoints":[{"url":"https:\/\/a.nel.cloudflare.com\/report\/v4?s=zNm%2FRqk8ITa23ClpAU6Rd3sOhXNYWMFixddEVjvHaBNAH2KDsBz%2BLfHt7hoMyWUsyMVRKB%2BIBRepR%2BSpuDKEIDzOHCqPcnByO%2FNrMh3a1DndPI8TXBXV7o3912rqEBeOgw%3D%3D"}],"group":"cf-nel","max_age":604800}'
      Server:
      - cloudflare
      Vary:
      - Accept-Encoding
      X-Frame-Options:
      - SAMEORIGIN
      alt-svc:
      - h3=":443"; ma=86400
      content-length:
      - '103'
    status:
      code: 200
      message: OK
- request:
    body: null
    headers:
      Accept:
      - '*/*'
      Accept-Encoding:
      - gzip, deflate
      Connection:
      - keep-alive
      User-Agent:
      - rotki/1.32.3.dev379+gbf9e75193
    method: GET
    uri: https://api.arbiscan.io/api?action=eth_call&data=0x07a2d13a0000000000000000000000000000000000000000000000000de0b6b3a7640000&module=proxy&to=0x04419d3509f13054f60d253E0c79491d9E683399
  response:
    body:
      string: '{"jsonrpc":"2.0","id":1,"result":"0x0000000000000000000000000000000000000000000000000e274c598ad60c72"}

        '
    headers:
      Access-Control-Allow-Headers:
      - Content-Type
      Access-Control-Allow-Methods:
      - GET, POST, OPTIONS
      Access-Control-Allow-Origin:
      - '*'
      CF-Cache-Status:
      - DYNAMIC
      CF-RAY:
      - 892327dd28e93e57-BOM
      Cache-Control:
      - private
      Connection:
      - keep-alive
      Content-Type:
      - application/json; charset=utf-8
      Date:
      - Tue, 11 Jun 2024 17:00:09 GMT
      NEL:
      - '{"success_fraction":0,"report_to":"cf-nel","max_age":604800}'
      Report-To:
      - '{"endpoints":[{"url":"https:\/\/a.nel.cloudflare.com\/report\/v4?s=UaylQ1mgSS%2BpyYfu5ii0dzlGV9KdZ19VsdgDLat8aOLK9n8mKA%2F5XOBDMfk8itcgPnAR0SJMTOpsGWqkks%2FodW9VIuwN8ZjkPZmi%2F1aA8NEUa0AygbGH5ZlSTFcQ8aaEjQ%3D%3D"}],"group":"cf-nel","max_age":604800}'
      Server:
      - cloudflare
      Vary:
      - Accept-Encoding
      X-Frame-Options:
      - SAMEORIGIN
      alt-svc:
      - h3=":443"; ma=86400
      content-length:
      - '103'
    status:
      code: 200
      message: OK
version: 1
